../Main/Src/motor.c:18:6:Motor_Init	8	static
../Main/Src/motor.c:35:6:Motor_Test_Menu	16	static
../Main/Src/motor.c:76:6:Motor_Start	8	static
../Main/Src/motor.c:92:6:Encoder_Start	8	static
../Main/Src/motor.c:97:6:Motor_Stop	8	static
../Main/Src/motor.c:111:6:Encoder_Stop	8	static
../Main/Src/motor.c:116:6:Motor_LPTIM4_IRQ	4	static
../Main/Src/motor.c:120:6:Motor_Test_Encoder	8	static
../Main/Src/motor.c:133:6:Motor_Test_Kp	24	static
../Main/Src/motor.c:164:6:Motor_Test_Speed	8	static
