../Main/Src/motor.c:18:6:Motor_Init	8	static
../Main/Src/motor.c:33:6:Motor_Test_Menu	16	static
../Main/Src/motor.c:75:6:Motor_Start	8	static
../Main/Src/motor.c:87:6:Encoder_Start	8	static
../Main/Src/motor.c:92:6:Motor_Stop	8	static
../Main/Src/motor.c:102:6:Encoder_Stop	8	static
../Main/Src/motor.c:107:6:Motor_LPTIM4_IRQ	4	static
../Main/Src/motor.c:111:6:Motor_Test_Encoder	8	static
../Main/Src/motor.c:125:6:Motor_Test_Kp	24	static
../Main/Src/motor.c:156:6:Motor_Test_Speed	8	static
