../Main/Src/sensor.c:34:6:Sensor_Test_Menu	16	static
../Main/Src/sensor.c:66:6:Sensor_Start	8	static
../Main/Src/sensor.c:79:6:Sensor_Stop	8	static
../Main/Src/sensor.c:89:26:Sensor_ADC_Read	16	static,ignoring_inline_asm
../Main/Src/sensor.c:100:6:Sensor_LPTIM3_IRQ	16	static
../Main/Src/sensor.c:153:6:Marker_LPTIM3_IRQ	8	static
../Main/Src/sensor.c:180:6:Sensor_Printf	24	static
../Main/Src/sensor.c:201:6:Sensor_Test_Raw	8	static
../Main/Src/sensor.c:211:6:Sensor_Calibration	8	static
../Main/Src/sensor.c:241:6:Sensor_Test_Normalized	8	static
../Main/Src/sensor.c:251:6:Sensor_Test_State	24	static
../Main/Src/sensor.c:270:6:Sensor_Test_Position	16	static
../Main/Src/sensor.c:281:6:Sensor_Test_Window	8	static
../Main/Src/sensor.c:296:6:Battery_Start	8	static
../Main/Src/sensor.c:300:6:Battery_Stop	8	static
../Main/Src/sensor.c:304:6:ADC_Battery_LPTIM5_IRQ	16	static
../Main/Src/sensor.c:310:6:Sensor_Test_Voltage	16	static
