../Main/Src/sensor.c:55:6:Sensor_Test_Menu	16	static
../Main/Src/sensor.c:87:6:Sensor_Start	8	static
../Main/Src/sensor.c:101:6:Sensor_Stop	8	static
../Main/Src/sensor.c:111:26:Sensor_ADC_Read	16	static,ignoring_inline_asm
../Main/Src/sensor.c:122:6:Sensor_LPTIM3_IRQ	16	static
../Main/Src/sensor.c:175:6:Marker_LPTIM3_IRQ	8	static
../Main/Src/sensor.c:209:6:Sensor_Printf	24	static
../Main/Src/sensor.c:230:6:Sensor_Test_Raw	8	static
../Main/Src/sensor.c:240:6:Sensor_Calibration	16	static
../Main/Src/sensor.c:268:6:Sensor_Test_Normalized	8	static
../Main/Src/sensor.c:278:6:Sensor_Test_State	24	static
../Main/Src/sensor.c:297:6:Sensor_Test_Position	16	static
../Main/Src/sensor.c:308:6:Sensor_Test_Window	8	static
../Main/Src/sensor.c:323:6:Battery_Start	8	static
../Main/Src/sensor.c:327:6:Battery_Stop	8	static
../Main/Src/sensor.c:331:6:ADC_Battery_LPTIM5_IRQ	16	static
../Main/Src/sensor.c:337:6:Sensor_Test_Voltage	16	static
