../Src/stm32h7xx_it.c:75:6:NMI_Handler	4	static
../Src/stm32h7xx_it.c:87:6:HardFault_Handler	4	static
../Src/stm32h7xx_it.c:100:6:MemManage_Handler	4	static
../Src/stm32h7xx_it.c:113:6:BusFault_Handler	4	static
../Src/stm32h7xx_it.c:126:6:UsageFault_Handler	4	static
../Src/stm32h7xx_it.c:139:6:SVC_Handler	4	static
../Src/stm32h7xx_it.c:151:6:DebugMon_Handler	4	static
../Src/stm32h7xx_it.c:163:6:PendSV_Handler	4	static
../Src/stm32h7xx_it.c:175:6:SysTick_Handler	8	static
../Src/stm32h7xx_it.c:195:6:LPTIM3_IRQHandler	8	static
../Src/stm32h7xx_it.c:209:6:LPTIM4_IRQHandler	8	static
../Src/stm32h7xx_it.c:222:6:LPTIM5_IRQHandler	8	static
